graph [
node [
id 0
label "A0"
]
node [
id 1
label "A1"
]
node [
id 2
label "A2"
]
node [
id 3
label "A3"
]
node [
id 4
label "A4"
]
node [
id 5
label "A5"
]
node [
id 6
label "A6"
]
node [
id 7
label "A7"
]
node [
id 8
label "A8"
]
node [
id 9
label "A9"
]
node [
id 10
label "A10"
]
node [
id 11
label "A11"
]
node [
id 12
label "A12"
]
node [
id 13
label "A13"
]
node [
id 14
label "A14"
]
node [
id 15
label "A15"
]
node [
id 16
label "A16"
]
node [
id 17
label "A17"
]
node [
id 18
label "A18"
]
node [
id 19
label "A19"
]
node [
id 20
label "A20"
]
node [
id 21
label "A21"
]
node [
id 22
label "A22"
]
node [
id 23
label "A23"
]
node [
id 24
label "A24"
]
node [
id 25
label "A25"
]
node [
id 26
label "A26"
]
node [
id 27
label "A27"
]
node [
id 28
label "A28"
]
node [
id 29
label "A29"
]
node [
id 30
label "A30"
]
node [
id 31
label "A31"
]
node [
id 32
label "A32"
]
node [
id 33
label "A33"
]
node [
id 34
label "A34"
]
node [
id 35
label "A35"
]
node [
id 36
label "A36"
]
node [
id 37
label "A37"
]
node [
id 38
label "A38"
]
node [
id 39
label "A39"
]
node [
id 40
label "A40"
]
node [
id 41
label "A41"
]
node [
id 42
label "A42"
]
node [
id 43
label "A43"
]
node [
id 44
label "A44"
]
node [
id 45
label "A45"
]
node [
id 46
label "A46"
]
node [
id 47
label "A47"
]
node [
id 48
label "A48"
]
node [
id 49
label "A49"
]
node [
id 50
label "A50"
]
node [
id 51
label "A51"
]
node [
id 52
label "A52"
]
node [
id 53
label "A53"
]
node [
id 54
label "A54"
]
node [
id 55
label "A55"
]
node [
id 56
label "A56"
]
edge [
source 0
target 1
weight 0.8774635971114897
]
edge [
source 0
target 2
weight 0.9311632278326695
]
edge [
source 0
target 3
weight 0.9334648840834323
]
edge [
source 0
target 4
weight 0.918008202921474
]
edge [
source 0
target 5
weight 0.9209240388021109
]
edge [
source 0
target 6
weight 0.8716368582402862
]
edge [
source 1
target 2
weight 0.9198847838512464
]
edge [
source 1
target 3
weight 0.9466951351267424
]
edge [
source 1
target 4
weight 0.9295241810367385
]
edge [
source 1
target 5
weight 0.9066021161158895
]
edge [
source 1
target 6
weight 0.9905960627044337
]
edge [
source 2
target 3
weight 0.9221554557049777
]
edge [
source 2
target 4
weight 0.8528949349464575
]
edge [
source 2
target 5
weight 0.8581262797969214
]
edge [
source 2
target 6
weight 0.9656469957279662
]
edge [
source 3
target 4
weight 0.9262152888669688
]
edge [
source 3
target 5
weight 0.9381292762196604
]
edge [
source 3
target 6
weight 0.9935399683524108
]
edge [
source 4
target 5
weight 0.8746004835612942
]
edge [
source 4
target 6
weight 0.871184164662475
]
edge [
source 5
target 6
weight 0.8958089062431548
]
edge [
source 5
target 14
weight 0.7831251056385504
]
edge [
source 7
target 8
weight 0.8731855772066184
]
edge [
source 7
target 9
weight 0.8561594209407711
]
edge [
source 7
target 10
weight 0.9724694585071345
]
edge [
source 7
target 11
weight 0.9726016010287213
]
edge [
source 8
target 9
weight 0.9079275292503742
]
edge [
source 8
target 10
weight 0.9213902362197592
]
edge [
source 8
target 11
weight 0.9822351397983409
]
edge [
source 9
target 10
weight 0.9674335434283605
]
edge [
source 9
target 11
weight 0.9159394596519459
]
edge [
source 9
target 13
weight 0.7521862776935961
]
edge [
source 10
target 11
weight 0.9671595396688721
]
edge [
source 12
target 13
weight 0.8778432791117483
]
edge [
source 12
target 14
weight 0.9294698712636824
]
edge [
source 12
target 15
weight 0.9726601002552706
]
edge [
source 12
target 31
weight 0.957018402368194
]
edge [
source 13
target 14
weight 0.9744131742126163
]
edge [
source 13
target 15
weight 0.9484587433809127
]
edge [
source 14
target 15
weight 0.9461564546727536
]
edge [
source 15
target 17
weight 0.996343149367718
]
edge [
source 16
target 17
weight 0.8732269743620524
]
edge [
source 16
target 18
weight 0.9092864575395174
]
edge [
source 16
target 19
weight 0.9899238470259707
]
edge [
source 16
target 20
weight 0.8609499469647182
]
edge [
source 16
target 21
weight 0.9250776692140783
]
edge [
source 16
target 22
weight 0.8762034877604378
]
edge [
source 17
target 18
weight 0.8571602943105978
]
edge [
source 17
target 19
weight 0.9549080934357694
]
edge [
source 17
target 20
weight 0.9139456387044922
]
edge [
source 17
target 21
weight 0.972779732343799
]
edge [
source 17
target 22
weight 0.9376767715848161
]
edge [
source 18
target 19
weight 0.8975479039985216
]
edge [
source 18
target 20
weight 0.8802845158814929
]
edge [
source 18
target 21
weight 0.9041881769124699
]
edge [
source 18
target 22
weight 0.8952665586698548
]
edge [
source 19
target 20
weight 0.9094969952791208
]
edge [
source 19
target 21
weight 0.978802925950006
]
edge [
source 19
target 22
weight 0.9719277091538374
]
edge [
source 20
target 21
weight 0.9272551263380887
]
edge [
source 20
target 22
weight 0.930151112176173
]
edge [
source 21
target 22
weight 0.9249380956289849
]
edge [
source 23
target 24
weight 0.9763508284979291
]
edge [
source 23
target 25
weight 0.9636863162280288
]
edge [
source 23
target 26
weight 0.9734255388468991
]
edge [
source 23
target 27
weight 0.9133055299359785
]
edge [
source 23
target 28
weight 0.9115387030691655
]
edge [
source 23
target 29
weight 0.957435495224371
]
edge [
source 24
target 25
weight 0.872241089398634
]
edge [
source 24
target 26
weight 0.9071801631931831
]
edge [
source 24
target 27
weight 0.9527905135353087
]
edge [
source 24
target 28
weight 0.9786736539359497
]
edge [
source 24
target 29
weight 0.9381264273803738
]
edge [
source 25
target 26
weight 0.9811428668892621
]
edge [
source 25
target 27
weight 0.9770363269203344
]
edge [
source 25
target 28
weight 0.8915113793974375
]
edge [
source 25
target 29
weight 0.8578748431237703
]
edge [
source 26
target 27
weight 0.9758151678733227
]
edge [
source 26
target 28
weight 0.8670608371887265
]
edge [
source 26
target 29
weight 0.981614556723658
]
edge [
source 27
target 28
weight 0.906302267619475
]
edge [
source 27
target 29
weight 0.9160832634931397
]
edge [
source 27
target 35
weight 0.8842990886120108
]
edge [
source 28
target 29
weight 0.9665330560771763
]
edge [
source 30
target 31
weight 0.9524194436084302
]
edge [
source 30
target 32
weight 0.9054288156202732
]
edge [
source 30
target 33
weight 0.9186126185250825
]
edge [
source 30
target 34
weight 0.9491060549013614
]
edge [
source 30
target 35
weight 0.8710026486459082
]
edge [
source 31
target 32
weight 0.9400740619895778
]
edge [
source 31
target 33
weight 0.9502465767500107
]
edge [
source 31
target 34
weight 0.8655566234442348
]
edge [
source 31
target 35
weight 0.9858040253393509
]
edge [
source 32
target 33
weight 0.9489764787572932
]
edge [
source 32
target 34
weight 0.9049950625401183
]
edge [
source 32
target 35
weight 0.9382026199234047
]
edge [
source 33
target 34
weight 0.9691090585393628
]
edge [
source 33
target 35
weight 0.997025314363338
]
edge [
source 33
target 39
weight 0.8407137931105994
]
edge [
source 34
target 35
weight 0.963037039435973
]
edge [
source 34
target 50
weight 0.9310519746139824
]
edge [
source 36
target 37
weight 0.8940671994118357
]
edge [
source 36
target 38
weight 0.9403305570080888
]
edge [
source 36
target 39
weight 0.9639508521489102
]
edge [
source 36
target 40
weight 0.8705624958916455
]
edge [
source 36
target 41
weight 0.9499899638684197
]
edge [
source 37
target 38
weight 0.900945136521315
]
edge [
source 37
target 39
weight 0.9383844605638083
]
edge [
source 37
target 40
weight 0.8542568606077228
]
edge [
source 37
target 41
weight 0.9985990635823554
]
edge [
source 38
target 39
weight 0.9322367587532288
]
edge [
source 38
target 40
weight 0.8556030929065924
]
edge [
source 38
target 41
weight 0.927347875411169
]
edge [
source 39
target 40
weight 0.9986014336840155
]
edge [
source 39
target 41
weight 0.9151833093636536
]
edge [
source 40
target 41
weight 0.9272926348159457
]
edge [
source 42
target 43
weight 0.9547120669695394
]
edge [
source 42
target 44
weight 0.9256564416917479
]
edge [
source 42
target 45
weight 0.9524127132278488
]
edge [
source 42
target 55
weight 0.8670119314669635
]
edge [
source 43
target 44
weight 0.9479712705058833
]
edge [
source 43
target 45
weight 0.8996637059702262
]
edge [
source 44
target 45
weight 0.9346269747945735
]
edge [
source 46
target 47
weight 0.9429792717861766
]
edge [
source 46
target 48
weight 0.9257505409695375
]
edge [
source 46
target 49
weight 0.9302621840799254
]
edge [
source 46
target 50
weight 0.9513804280106658
]
edge [
source 46
target 51
weight 0.9019279486758018
]
edge [
source 46
target 52
weight 0.917211346483963
]
edge [
source 47
target 48
weight 0.9660172559989473
]
edge [
source 47
target 49
weight 0.9398798739659525
]
edge [
source 47
target 50
weight 0.9829466648898567
]
edge [
source 47
target 51
weight 0.9909429764612689
]
edge [
source 47
target 52
weight 0.86202668751964
]
edge [
source 48
target 49
weight 0.9169506639699113
]
edge [
source 48
target 50
weight 0.9406063377245779
]
edge [
source 48
target 51
weight 0.9533578445417276
]
edge [
source 48
target 52
weight 0.8939746071693266
]
edge [
source 49
target 50
weight 0.8606353088999069
]
edge [
source 49
target 51
weight 0.9069680123662016
]
edge [
source 49
target 52
weight 0.9893937267440984
]
edge [
source 50
target 51
weight 0.9239178884519752
]
edge [
source 50
target 52
weight 0.8721840998003095
]
edge [
source 51
target 52
weight 0.951537602493646
]
edge [
source 53
target 54
weight 0.9796384212422817
]
edge [
source 53
target 55
weight 0.8761074145227644
]
edge [
source 53
target 56
weight 0.8794674275460576
]
edge [
source 54
target 55
weight 0.9459136732121654
]
edge [
source 54
target 56
weight 0.9985138467756889
]
edge [
source 55
target 56
weight 0.9430632511685532
]
]
